// Jest Snapshot v1, https://goo.gl/fbAQLP

exports[`components/ProductCard snapshot test 1`] = `ShallowWrapper {}`;
